EvDetMAV files: 1
20_events.h5: events=17992309 size=1280x720 time_unit=us windows=3757
  window=000000 t=[0.004944,0.034944] events=552674 candidates=2 detections=2
  window=000050 t=[1.504944,1.534944] events=1559 candidates=1 detections=0
  window=000100 t=[3.004944,3.034944] events=755 candidates=1 detections=0
  window=000150 t=[4.504944,4.534944] events=620 candidates=2 detections=0
  window=000200 t=[6.004944,6.034944] events=506 candidates=2 detections=1
  window=000250 t=[7.504944,7.534944] events=508 candidates=1 detections=0
  window=000300 t=[9.004944,9.034944] events=1648 candidates=2 detections=1
  window=000350 t=[10.504944,10.534944] events=1023 candidates=2 detections=1
  window=000400 t=[12.004944,12.034944] events=1213 candidates=2 detections=1
  window=000450 t=[13.504944,13.534944] events=7139 candidates=1 detections=0
  window=000500 t=[15.004944,15.034944] events=471 candidates=0 detections=0
  window=000550 t=[16.504944,16.534944] events=1279 candidates=2 detections=1
  window=000600 t=[18.004944,18.034944] events=2157 candidates=2 detections=1
  window=000650 t=[19.504944,19.534944] events=6114 candidates=2 detections=1
  window=000700 t=[21.004944,21.034944] events=1146 candidates=1 detections=1
  window=000750 t=[22.504944,22.534944] events=851 candidates=2 detections=2
  window=000800 t=[24.004944,24.034944] events=1186 candidates=1 detections=1
  window=000850 t=[25.504944,25.534944] events=12285 candidates=2 detections=1
  window=000900 t=[27.004944,27.034944] events=1897 candidates=3 detections=1
  window=000950 t=[28.504944,28.534944] events=1418 candidates=1 detections=1
  window=001000 t=[30.004944,30.034944] events=671 candidates=3 detections=1
  window=001050 t=[31.504944,31.534944] events=815 candidates=2 detections=2
  window=001100 t=[33.004944,33.034944] events=1126 candidates=2 detections=1
  window=001150 t=[34.504944,34.534944] events=910 candidates=3 detections=0
  window=001200 t=[36.004944,36.034944] events=5108 candidates=1 detections=1
  window=001250 t=[37.504944,37.534944] events=4614 candidates=2 detections=1
  window=001300 t=[39.004944,39.034944] events=848 candidates=2 detections=0
  window=001350 t=[40.504944,40.534944] events=1563 candidates=3 detections=2
  window=001400 t=[42.004944,42.034944] events=3960 candidates=2 detections=2
  window=001450 t=[43.504944,43.534944] events=1324 candidates=2 detections=1
  window=001500 t=[45.004944,45.034944] events=1132 candidates=2 detections=1
  window=001550 t=[46.504944,46.534944] events=1458 candidates=3 detections=1
  window=001600 t=[48.004944,48.034944] events=3995 candidates=1 detections=1
  window=001650 t=[49.504944,49.534944] events=7010 candidates=2 detections=1
  window=001700 t=[51.004944,51.034944] events=1007 candidates=1 detections=1
  window=001750 t=[52.504944,52.534944] events=1138 candidates=2 detections=2
  window=001800 t=[54.004944,54.034944] events=1003 candidates=2 detections=1
  window=001850 t=[55.504944,55.534944] events=2708 candidates=2 detections=1
  window=001900 t=[57.004944,57.034944] events=1907 candidates=1 detections=1
  window=001950 t=[58.504944,58.534944] events=653 candidates=1 detections=0
  window=002000 t=[60.004944,60.034944] events=1334 candidates=4 detections=1
  window=002050 t=[61.504944,61.534944] events=1548 candidates=2 detections=1
  window=002100 t=[63.004944,63.034944] events=2806 candidates=1 detections=1
  window=002150 t=[64.504944,64.534944] events=613 candidates=1 detections=0
  window=002200 t=[66.004944,66.034944] events=2517 candidates=3 detections=1
  window=002250 t=[67.504944,67.534944] events=1228 candidates=3 detections=2
  window=002300 t=[69.004944,69.034944] events=1208 candidates=3 detections=2
  window=002350 t=[70.504944,70.534944] events=2891 candidates=2 detections=1
  window=002400 t=[72.004944,72.034944] events=1740 candidates=3 detections=2
  window=002450 t=[73.504944,73.534944] events=898 candidates=2 detections=1
  window=002500 t=[75.004944,75.034944] events=1448 candidates=2 detections=0
  window=002550 t=[76.504944,76.534944] events=975 candidates=3 detections=1
  window=002600 t=[78.004944,78.034944] events=1487 candidates=3 detections=1
  window=002650 t=[79.504944,79.534944] events=1822 candidates=2 detections=1
  window=002700 t=[81.004944,81.034944] events=2869 candidates=3 detections=2
  window=002750 t=[82.504944,82.534944] events=1452 candidates=2 detections=1
  window=002800 t=[84.004944,84.034944] events=1580 candidates=1 detections=1
  window=002850 t=[85.504944,85.534944] events=1352 candidates=2 detections=2
  window=002900 t=[87.004944,87.034944] events=1355 candidates=2 detections=2
  window=002950 t=[88.504944,88.534944] events=1472 candidates=1 detections=1
  window=003000 t=[90.004944,90.034944] events=2570 candidates=2 detections=2
  window=003050 t=[91.504944,91.534944] events=975 candidates=2 detections=2
  window=003100 t=[93.004944,93.034944] events=1029 candidates=2 detections=1
  window=003150 t=[94.504944,94.534944] events=2108 candidates=4 detections=1
  window=003200 t=[96.004944,96.034944] events=1431 candidates=2 detections=1
  window=003250 t=[97.504944,97.534944] events=7302 candidates=2 detections=1
  window=003300 t=[99.004944,99.034944] events=720 candidates=2 detections=0
  window=003350 t=[100.504944,100.534944] events=1061 candidates=2 detections=2
  window=003400 t=[102.004944,102.034944] events=844 candidates=1 detections=0
  window=003450 t=[103.504944,103.534944] events=859 candidates=2 detections=0
  window=003500 t=[105.004944,105.034944] events=701 candidates=1 detections=1
  window=003550 t=[106.504944,106.534944] events=1621 candidates=3 detections=1
  window=003600 t=[108.004944,108.034944] events=1341 candidates=2 detections=2
  window=003650 t=[109.504944,109.534944] events=1232 candidates=2 detections=1
  window=003700 t=[111.004944,111.034944] events=1974 candidates=1 detections=1
  window=003750 t=[112.504944,112.534944] events=2677 candidates=3 detections=1

Done. Batch detections: 4024
Outputs: /Users/eolande/EventMAV/comparison/20
