{
  "status": "passed",
  "total_windows": 18351,
  "source_hashes_verified": 39,
  "original_metrics_match_historical": [
    "calibration",
    "holdout"
  ],
  "screenshot_false_positive_absent_with_full_history": true,
  "sequences": [
    {
      "sequence": "8",
      "windows": 3491,
      "frames_and_filter_logs_verified": true
    },
    {
      "sequence": "20",
      "windows": 3757,
      "frames_and_filter_logs_verified": true
    },
    {
      "sequence": "51",
      "windows": 3579,
      "frames_and_filter_logs_verified": true
    },
    {
      "sequence": "65",
      "windows": 3816,
      "frames_and_filter_logs_verified": true
    },
    {
      "sequence": "93",
      "windows": 3708,
      "frames_and_filter_logs_verified": true
    }
  ],
  "video": {
    "file": "Detection_compare_all.mp4",
    "decoded_frames": 18351,
    "decode_errors": false
  }
}
