EvDetMAV files: 1
65_events.h5: events=13230596 size=1280x720 time_unit=us windows=3816
  window=000000 t=[0.006225,0.036225] events=74900 candidates=1 detections=1
  window=000050 t=[1.506225,1.536225] events=5298 candidates=2 detections=1
  window=000100 t=[3.006225,3.036225] events=620 candidates=3 detections=3
  window=000150 t=[4.506225,4.536225] events=596 candidates=5 detections=4
  window=000200 t=[6.006225,6.036225] events=3753 candidates=1 detections=1
  window=000250 t=[7.506225,7.536225] events=175 candidates=0 detections=0
  window=000300 t=[9.006225,9.036225] events=682 candidates=1 detections=1
  window=000350 t=[10.506225,10.536225] events=416 candidates=1 detections=1
  window=000400 t=[12.006225,12.036225] events=203 candidates=2 detections=1
  window=000450 t=[13.506225,13.536225] events=278 candidates=2 detections=1
  window=000500 t=[15.006225,15.036225] events=525 candidates=1 detections=1
  window=000550 t=[16.506225,16.536225] events=274 candidates=1 detections=1
  window=000600 t=[18.006225,18.036225] events=267 candidates=1 detections=1
  window=000650 t=[19.506225,19.536225] events=222 candidates=1 detections=1
  window=000700 t=[21.006225,21.036225] events=185 candidates=1 detections=1
  window=000750 t=[22.506225,22.536225] events=251 candidates=0 detections=0
  window=000800 t=[24.006225,24.036225] events=308 candidates=1 detections=1
  window=000850 t=[25.506225,25.536225] events=204 candidates=0 detections=0
  window=000900 t=[27.006225,27.036225] events=324 candidates=1 detections=1
  window=000950 t=[28.506225,28.536225] events=4126 candidates=3 detections=3
  window=001000 t=[30.006225,30.036225] events=208 candidates=1 detections=1
  window=001050 t=[31.506225,31.536225] events=424 candidates=1 detections=1
  window=001100 t=[33.006225,33.036225] events=537 candidates=1 detections=1
  window=001150 t=[34.506225,34.536225] events=83 candidates=0 detections=0
  window=001200 t=[36.006225,36.036225] events=1084 candidates=1 detections=1
  window=001250 t=[37.506225,37.536225] events=921 candidates=3 detections=2
  window=001300 t=[39.006225,39.036225] events=714 candidates=2 detections=2
  window=001350 t=[40.506225,40.536225] events=956 candidates=2 detections=2
  window=001400 t=[42.006225,42.036225] events=532 candidates=2 detections=2
  window=001450 t=[43.506225,43.536225] events=786 candidates=1 detections=1
  window=001500 t=[45.006225,45.036225] events=274 candidates=1 detections=1
  window=001550 t=[46.506225,46.536225] events=264 candidates=1 detections=1
  window=001600 t=[48.006225,48.036225] events=458 candidates=2 detections=2
  window=001650 t=[49.506225,49.536225] events=1184 candidates=3 detections=2
  window=001700 t=[51.006225,51.036225] events=381 candidates=2 detections=2
  window=001750 t=[52.506225,52.536225] events=284 candidates=2 detections=2
  window=001800 t=[54.006225,54.036225] events=223 candidates=2 detections=2
  window=001850 t=[55.506225,55.536225] events=703 candidates=1 detections=1
  window=001900 t=[57.006225,57.036225] events=713 candidates=3 detections=3
  window=001950 t=[58.506225,58.536225] events=11867 candidates=3 detections=3
  window=002000 t=[60.006225,60.036225] events=148 candidates=0 detections=0
  window=002050 t=[61.506225,61.536225] events=438 candidates=1 detections=1
  window=002100 t=[63.006225,63.036225] events=812 candidates=1 detections=1
  window=002150 t=[64.506225,64.536225] events=417 candidates=1 detections=1
  window=002200 t=[66.006225,66.036225] events=814 candidates=2 detections=1
  window=002250 t=[67.506225,67.536225] events=540 candidates=1 detections=1
  window=002300 t=[69.006225,69.036225] events=3592 candidates=2 detections=2
  window=002350 t=[70.506225,70.536225] events=644 candidates=2 detections=2
  window=002400 t=[72.006225,72.036225] events=4045 candidates=4 detections=3
  window=002450 t=[73.506225,73.536225] events=2305 candidates=1 detections=1
  window=002500 t=[75.006225,75.036225] events=3061 candidates=4 detections=3
  window=002550 t=[76.506225,76.536225] events=2661 candidates=4 detections=2
  window=002600 t=[78.006225,78.036225] events=2301 candidates=1 detections=1
  window=002650 t=[79.506225,79.536225] events=3160 candidates=1 detections=1
  window=002700 t=[81.006225,81.036225] events=741 candidates=0 detections=0
  window=002750 t=[82.506225,82.536225] events=736 candidates=2 detections=2
  window=002800 t=[84.006225,84.036225] events=2008 candidates=1 detections=1
  window=002850 t=[85.506225,85.536225] events=1074 candidates=2 detections=1
  window=002900 t=[87.006225,87.036225] events=938 candidates=1 detections=1
  window=002950 t=[88.506225,88.536225] events=1255 candidates=3 detections=3
  window=003000 t=[90.006225,90.036225] events=806 candidates=1 detections=1
  window=003050 t=[91.506225,91.536225] events=2035 candidates=3 detections=3
  window=003100 t=[93.006225,93.036225] events=2862 candidates=4 detections=2
  window=003150 t=[94.506225,94.536225] events=1092 candidates=2 detections=2
  window=003200 t=[96.006225,96.036225] events=1200 candidates=2 detections=2
  window=003250 t=[97.506225,97.536225] events=1795 candidates=2 detections=2
  window=003300 t=[99.006225,99.036225] events=1618 candidates=4 detections=2
  window=003350 t=[100.506225,100.536225] events=1132 candidates=2 detections=2
  window=003400 t=[102.006225,102.036225] events=932 candidates=1 detections=1
  window=003450 t=[103.506225,103.536225] events=1301 candidates=2 detections=2
  window=003500 t=[105.006225,105.036225] events=995 candidates=2 detections=1
  window=003550 t=[106.506225,106.536225] events=2620 candidates=2 detections=2
  window=003600 t=[108.006225,108.036225] events=3531 candidates=2 detections=1
  window=003650 t=[109.506225,109.536225] events=345 candidates=2 detections=2
  window=003700 t=[111.006225,111.036225] events=504 candidates=2 detections=2
  window=003750 t=[112.506225,112.536225] events=1044 candidates=2 detections=1
  window=003800 t=[114.006225,114.036225] events=355 candidates=1 detections=1

Done. Batch detections: 5424
Outputs: /Users/eolande/EventMAV/comparison/65
