EvDetMAV files: 1
93_events.h5: events=22261724 size=1280x720 time_unit=us windows=3708
  window=000000 t=[0.007346,0.037346] events=81636 candidates=4 detections=2
  window=000050 t=[1.507346,1.537346] events=17172 candidates=12 detections=4
  window=000100 t=[3.007346,3.037346] events=29971 candidates=6 detections=3
  window=000150 t=[4.507346,4.537346] events=53809 candidates=4 detections=3
  window=000200 t=[6.007346,6.037346] events=916 candidates=2 detections=2
  window=000250 t=[7.507346,7.537346] events=284 candidates=2 detections=2
  window=000300 t=[9.007346,9.037346] events=642 candidates=2 detections=2
  window=000350 t=[10.507346,10.537346] events=713 candidates=3 detections=3
  window=000400 t=[12.007346,12.037346] events=7565 candidates=5 detections=2
  window=000450 t=[13.507346,13.537346] events=3847 candidates=3 detections=1
  window=000500 t=[15.007346,15.037346] events=7448 candidates=4 detections=3
  window=000550 t=[16.507346,16.537346] events=3301 candidates=4 detections=1
  window=000600 t=[18.007346,18.037346] events=419 candidates=1 detections=1
  window=000650 t=[19.507346,19.537346] events=559 candidates=2 detections=1
  window=000700 t=[21.007346,21.037346] events=913 candidates=2 detections=2
  window=000750 t=[22.507346,22.537346] events=284 candidates=3 detections=1
  window=000800 t=[24.007346,24.037346] events=202 candidates=2 detections=2
  window=000850 t=[25.507346,25.537346] events=470 candidates=3 detections=3
  window=000900 t=[27.007346,27.037346] events=245 candidates=2 detections=2
  window=000950 t=[28.507346,28.537346] events=613 candidates=2 detections=2
  window=001000 t=[30.007346,30.037346] events=312 candidates=3 detections=1
  window=001050 t=[31.507346,31.537346] events=302 candidates=2 detections=2
  window=001100 t=[33.007346,33.037346] events=291 candidates=1 detections=1
  window=001150 t=[34.507346,34.537346] events=911 candidates=2 detections=2
  window=001200 t=[36.007346,36.037346] events=7832 candidates=3 detections=1
  window=001250 t=[37.507346,37.537346] events=10255 candidates=2 detections=2
  window=001300 t=[39.007346,39.037346] events=10510 candidates=2 detections=2
  window=001350 t=[40.507346,40.537346] events=2758 candidates=2 detections=2
  window=001400 t=[42.007346,42.037346] events=907 candidates=2 detections=2
  window=001450 t=[43.507346,43.537346] events=428 candidates=2 detections=2
  window=001500 t=[45.007346,45.037346] events=270 candidates=1 detections=1
  window=001550 t=[46.507346,46.537346] events=250 candidates=1 detections=1
  window=001600 t=[48.007346,48.037346] events=201 candidates=2 detections=1
  window=001650 t=[49.507346,49.537346] events=468 candidates=2 detections=2
  window=001700 t=[51.007346,51.037346] events=325 candidates=1 detections=0
  window=001750 t=[52.507346,52.537346] events=183 candidates=1 detections=1
  window=001800 t=[54.007346,54.037346] events=460 candidates=1 detections=1
  window=001850 t=[55.507346,55.537346] events=276 candidates=1 detections=1
  window=001900 t=[57.007346,57.037346] events=170 candidates=1 detections=1
  window=001950 t=[58.507346,58.537346] events=204 candidates=2 detections=1
  window=002000 t=[60.007346,60.037346] events=663 candidates=3 detections=2
  window=002050 t=[61.507346,61.537346] events=442 candidates=1 detections=1
  window=002100 t=[63.007346,63.037346] events=725 candidates=2 detections=1
  window=002150 t=[64.507346,64.537346] events=791 candidates=3 detections=1
  window=002200 t=[66.007346,66.037346] events=517 candidates=2 detections=1
  window=002250 t=[67.507346,67.537346] events=493 candidates=1 detections=1
  window=002300 t=[69.007346,69.037346] events=226 candidates=2 detections=0
  window=002350 t=[70.507346,70.537346] events=810 candidates=2 detections=2
  window=002400 t=[72.007346,72.037346] events=296 candidates=2 detections=2
  window=002450 t=[73.507346,73.537346] events=862 candidates=2 detections=1
  window=002500 t=[75.007346,75.037346] events=408 candidates=1 detections=1
  window=002550 t=[76.507346,76.537346] events=246 candidates=1 detections=1
  window=002600 t=[78.007346,78.037346] events=260 candidates=1 detections=1
  window=002650 t=[79.507346,79.537346] events=907 candidates=3 detections=3
  window=002700 t=[81.007346,81.037346] events=672 candidates=2 detections=2
  window=002750 t=[82.507346,82.537346] events=3474 candidates=2 detections=2
  window=002800 t=[84.007346,84.037346] events=4941 candidates=2 detections=1
  window=002850 t=[85.507346,85.537346] events=1000 candidates=1 detections=1
  window=002900 t=[87.007346,87.037346] events=528 candidates=3 detections=2
  window=002950 t=[88.507346,88.537346] events=336 candidates=3 detections=3
  window=003000 t=[90.007346,90.037346] events=336 candidates=2 detections=1
  window=003050 t=[91.507346,91.537346] events=419 candidates=2 detections=1
  window=003100 t=[93.007346,93.037346] events=629 candidates=4 detections=3
  window=003150 t=[94.507346,94.537346] events=251 candidates=3 detections=3
  window=003200 t=[96.007346,96.037346] events=905 candidates=2 detections=2
  window=003250 t=[97.507346,97.537346] events=482 candidates=1 detections=1
  window=003300 t=[99.007346,99.037346] events=825 candidates=2 detections=2
  window=003350 t=[100.507346,100.537346] events=645 candidates=2 detections=2
  window=003400 t=[102.007346,102.037346] events=2779 candidates=2 detections=2
  window=003450 t=[103.507346,103.537346] events=36943 candidates=9 detections=4
  window=003500 t=[105.007346,105.037346] events=19026 candidates=1 detections=1
  window=003550 t=[106.507346,106.537346] events=3204 candidates=2 detections=1
  window=003600 t=[108.007346,108.037346] events=3081 candidates=3 detections=3
  window=003650 t=[109.507346,109.537346] events=2409 candidates=2 detections=2
  window=003700 t=[111.007346,111.037346] events=9028 candidates=2 detections=2

Done. Batch detections: 5994
Outputs: /Users/eolande/EventMAV/comparison/93
