EvDetMAV files: 1
51_events.h5: events=5646390 size=1280x720 time_unit=us windows=3579
  window=000000 t=[0.006676,0.036676] events=2408 candidates=1 detections=1
  window=000050 t=[1.506676,1.536676] events=1587 candidates=1 detections=1
  window=000100 t=[3.006676,3.036676] events=1331 candidates=2 detections=2
  window=000150 t=[4.506676,4.536676] events=873 candidates=2 detections=2
  window=000200 t=[6.006676,6.036676] events=1081 candidates=2 detections=2
  window=000250 t=[7.506676,7.536676] events=1693 candidates=2 detections=2
  window=000300 t=[9.006676,9.036676] events=1014 candidates=2 detections=2
  window=000350 t=[10.506676,10.536676] events=1011 candidates=1 detections=1
  window=000400 t=[12.006676,12.036676] events=1412 candidates=3 detections=2
  window=000450 t=[13.506676,13.536676] events=1091 candidates=2 detections=2
  window=000500 t=[15.006676,15.036676] events=1087 candidates=2 detections=2
  window=000550 t=[16.506676,16.536676] events=680 candidates=1 detections=1
  window=000600 t=[18.006676,18.036676] events=650 candidates=1 detections=1
  window=000650 t=[19.506676,19.536676] events=1162 candidates=1 detections=1
  window=000700 t=[21.006676,21.036676] events=954 candidates=4 detections=2
  window=000750 t=[22.506676,22.536676] events=2020 candidates=3 detections=3
  window=000800 t=[24.006676,24.036676] events=1234 candidates=4 detections=3
  window=000850 t=[25.506676,25.536676] events=2430 candidates=3 detections=3
  window=000900 t=[27.006676,27.036676] events=2051 candidates=4 detections=4
  window=000950 t=[28.506676,28.536676] events=891 candidates=2 detections=2
  window=001000 t=[30.006676,30.036676] events=1353 candidates=3 detections=2
  window=001050 t=[31.506676,31.536676] events=14516 candidates=3 detections=2
  window=001100 t=[33.006676,33.036676] events=2332 candidates=4 detections=4
  window=001150 t=[34.506676,34.536676] events=628 candidates=2 detections=1
  window=001200 t=[36.006676,36.036676] events=713 candidates=2 detections=2
  window=001250 t=[37.506676,37.536676] events=614 candidates=3 detections=1
  window=001300 t=[39.006676,39.036676] events=555 candidates=2 detections=2
  window=001350 t=[40.506676,40.536676] events=1068 candidates=4 detections=2
  window=001400 t=[42.006676,42.036676] events=708 candidates=2 detections=2
  window=001450 t=[43.506676,43.536676] events=728 candidates=2 detections=2
  window=001500 t=[45.006676,45.036676] events=1112 candidates=3 detections=2
  window=001550 t=[46.506676,46.536676] events=1240 candidates=4 detections=4
  window=001600 t=[48.006676,48.036676] events=2547 candidates=6 detections=4
  window=001650 t=[49.506676,49.536676] events=2067 candidates=8 detections=4
  window=001700 t=[51.006676,51.036676] events=1992 candidates=7 detections=4
  window=001750 t=[52.506676,52.536676] events=1174 candidates=4 detections=3
  window=001800 t=[54.006676,54.036676] events=1836 candidates=2 detections=2
  window=001850 t=[55.506676,55.536676] events=1116 candidates=3 detections=1
  window=001900 t=[57.006676,57.036676] events=1448 candidates=2 detections=2
  window=001950 t=[58.506676,58.536676] events=901 candidates=2 detections=2
  window=002000 t=[60.006676,60.036676] events=1213 candidates=4 detections=3
  window=002050 t=[61.506676,61.536676] events=1146 candidates=4 detections=3
  window=002100 t=[63.006676,63.036676] events=1296 candidates=2 detections=2
  window=002150 t=[64.506676,64.536676] events=990 candidates=1 detections=1
  window=002200 t=[66.006676,66.036676] events=758 candidates=0 detections=0
  window=002250 t=[67.506676,67.536676] events=1535 candidates=4 detections=2
  window=002300 t=[69.006676,69.036676] events=2679 candidates=3 detections=3
  window=002350 t=[70.506676,70.536676] events=2419 candidates=2 detections=2
  window=002400 t=[72.006676,72.036676] events=2047 candidates=3 detections=2
  window=002450 t=[73.506676,73.536676] events=3096 candidates=3 detections=2
  window=002500 t=[75.006676,75.036676] events=1530 candidates=3 detections=3
  window=002550 t=[76.506676,76.536676] events=1499 candidates=3 detections=2
  window=002600 t=[78.006676,78.036676] events=1610 candidates=3 detections=3
  window=002650 t=[79.506676,79.536676] events=2223 candidates=2 detections=2
  window=002700 t=[81.006676,81.036676] events=1891 candidates=3 detections=3
  window=002750 t=[82.506676,82.536676] events=1502 candidates=2 detections=1
  window=002800 t=[84.006676,84.036676] events=1281 candidates=2 detections=1
  window=002850 t=[85.506676,85.536676] events=1348 candidates=2 detections=2
  window=002900 t=[87.006676,87.036676] events=1746 candidates=2 detections=2
  window=002950 t=[88.506676,88.536676] events=2590 candidates=4 detections=2
  window=003000 t=[90.006676,90.036676] events=1920 candidates=1 detections=1
  window=003050 t=[91.506676,91.536676] events=1802 candidates=1 detections=0
  window=003100 t=[93.006676,93.036676] events=1586 candidates=0 detections=0
  window=003150 t=[94.506676,94.536676] events=1717 candidates=0 detections=0
  window=003200 t=[96.006676,96.036676] events=1957 candidates=3 detections=1
  window=003250 t=[97.506676,97.536676] events=2522 candidates=1 detections=1
  window=003300 t=[99.006676,99.036676] events=2061 candidates=2 detections=1
  window=003350 t=[100.506676,100.536676] events=2585 candidates=2 detections=1
  window=003400 t=[102.006676,102.036676] events=2199 candidates=1 detections=0
  window=003450 t=[103.506676,103.536676] events=1688 candidates=3 detections=1
  window=003500 t=[105.006676,105.036676] events=5581 candidates=5 detections=1
  window=003550 t=[106.506676,106.536676] events=1435 candidates=2 detections=1

Done. Batch detections: 6744
Outputs: /Users/eolande/EventMAV/comparison/51
