EvDetMAV files: 1
8_events.h5: events=20659618 size=1280x720 time_unit=us windows=3491
  window=000000 t=[0.007488,0.037488] events=412154 candidates=2 detections=2
  window=000050 t=[1.507488,1.537488] events=439 candidates=1 detections=1
  window=000100 t=[3.007488,3.037488] events=185 candidates=0 detections=0
  window=000150 t=[4.507488,4.537488] events=180 candidates=0 detections=0
  window=000200 t=[6.007488,6.037488] events=191 candidates=2 detections=1
  window=000250 t=[7.507488,7.537488] events=173 candidates=0 detections=0
  window=000300 t=[9.007488,9.037488] events=189 candidates=0 detections=0
  window=000350 t=[10.507488,10.537488] events=686 candidates=1 detections=1
  window=000400 t=[12.007488,12.037488] events=651 candidates=1 detections=1
  window=000450 t=[13.507488,13.537488] events=2428 candidates=2 detections=1
  window=000500 t=[15.007488,15.037488] events=549 candidates=0 detections=0
  window=000550 t=[16.507488,16.537488] events=1512 candidates=1 detections=1
  window=000600 t=[18.007488,18.037488] events=2850 candidates=1 detections=1
  window=000650 t=[19.507488,19.537488] events=523 candidates=1 detections=0
  window=000700 t=[21.007488,21.037488] events=708 candidates=1 detections=1
  window=000750 t=[22.507488,22.537488] events=1065 candidates=1 detections=1
  window=000800 t=[24.007488,24.037488] events=1330 candidates=1 detections=1
  window=000850 t=[25.507488,25.537488] events=881 candidates=0 detections=0
  window=000900 t=[27.007488,27.037488] events=659 candidates=1 detections=1
  window=000950 t=[28.507488,28.537488] events=786 candidates=1 detections=1
  window=001000 t=[30.007488,30.037488] events=1398 candidates=1 detections=1
  window=001050 t=[31.507488,31.537488] events=535 candidates=0 detections=0
  window=001100 t=[33.007488,33.037488] events=582 candidates=2 detections=1
  window=001150 t=[34.507488,34.537488] events=862 candidates=1 detections=1
  window=001200 t=[36.007488,36.037488] events=1052 candidates=1 detections=1
  window=001250 t=[37.507488,37.537488] events=740 candidates=1 detections=1
  window=001300 t=[39.007488,39.037488] events=494 candidates=0 detections=0
  window=001350 t=[40.507488,40.537488] events=423 candidates=2 detections=1
  window=001400 t=[42.007488,42.037488] events=774 candidates=1 detections=1
  window=001450 t=[43.507488,43.537488] events=851 candidates=1 detections=1
  window=001500 t=[45.007488,45.037488] events=563 candidates=2 detections=1
  window=001550 t=[46.507488,46.537488] events=499 candidates=1 detections=1
  window=001600 t=[48.007488,48.037488] events=1730 candidates=1 detections=1
  window=001650 t=[49.507488,49.537488] events=10355 candidates=1 detections=1
  window=001700 t=[51.007488,51.037488] events=330 candidates=2 detections=1
  window=001750 t=[52.507488,52.537488] events=767 candidates=1 detections=1
  window=001800 t=[54.007488,54.037488] events=3009 candidates=1 detections=1
  window=001850 t=[55.507488,55.537488] events=496 candidates=2 detections=1
  window=001900 t=[57.007488,57.037488] events=2379 candidates=3 detections=2
  window=001950 t=[58.507488,58.537488] events=3488 candidates=2 detections=1
  window=002000 t=[60.007488,60.037488] events=590 candidates=1 detections=0
  window=002050 t=[61.507488,61.537488] events=806 candidates=2 detections=1
  window=002100 t=[63.007488,63.037488] events=3552 candidates=1 detections=1
  window=002150 t=[64.507488,64.537488] events=6983 candidates=2 detections=1
  window=002200 t=[66.007488,66.037488] events=493 candidates=0 detections=0
  window=002250 t=[67.507488,67.537488] events=316 candidates=1 detections=1
  window=002300 t=[69.007488,69.037488] events=346 candidates=1 detections=1
  window=002350 t=[70.507488,70.537488] events=1522 candidates=1 detections=1
  window=002400 t=[72.007488,72.037488] events=412 candidates=2 detections=2
  window=002450 t=[73.507488,73.537488] events=432 candidates=0 detections=0
  window=002500 t=[75.007488,75.037488] events=490 candidates=1 detections=1
  window=002550 t=[76.507488,76.537488] events=546 candidates=1 detections=1
  window=002600 t=[78.007488,78.037488] events=626 candidates=1 detections=1
  window=002650 t=[79.507488,79.537488] events=445 candidates=0 detections=0
  window=002700 t=[81.007488,81.037488] events=1331 candidates=1 detections=1
  window=002750 t=[82.507488,82.537488] events=831 candidates=1 detections=1
  window=002800 t=[84.007488,84.037488] events=1132 candidates=2 detections=1
  window=002850 t=[85.507488,85.537488] events=1244 candidates=0 detections=0
  window=002900 t=[87.007488,87.037488] events=1947 candidates=2 detections=1
  window=002950 t=[88.507488,88.537488] events=2095 candidates=1 detections=1
  window=003000 t=[90.007488,90.037488] events=2660 candidates=1 detections=0
  window=003050 t=[91.507488,91.537488] events=2976 candidates=2 detections=1
  window=003100 t=[93.007488,93.037488] events=2496 candidates=0 detections=0
  window=003150 t=[94.507488,94.537488] events=3374 candidates=2 detections=1
  window=003200 t=[96.007488,96.037488] events=2071 candidates=1 detections=1
  window=003250 t=[97.507488,97.537488] events=2726 candidates=1 detections=1
  window=003300 t=[99.007488,99.037488] events=2712 candidates=1 detections=1
  window=003350 t=[100.507488,100.537488] events=3011 candidates=1 detections=1
  window=003400 t=[102.007488,102.037488] events=4187 candidates=1 detections=1
  window=003450 t=[103.507488,103.537488] events=2782 candidates=2 detections=1

Done. Batch detections: 2896
Outputs: /Users/eolande/EventMAV/comparison/8
