51 1 / 3579 elapsed 0
51 101 / 3579 elapsed 17
51 201 / 3579 elapsed 34
51 301 / 3579 elapsed 52
51 401 / 3579 elapsed 69
51 501 / 3579 elapsed 86
51 601 / 3579 elapsed 104
51 701 / 3579 elapsed 121
51 801 / 3579 elapsed 138
51 901 / 3579 elapsed 155
51 1001 / 3579 elapsed 172
51 1101 / 3579 elapsed 189
51 1201 / 3579 elapsed 206
51 1301 / 3579 elapsed 223
51 1401 / 3579 elapsed 240
51 1501 / 3579 elapsed 257
51 1601 / 3579 elapsed 274
51 1701 / 3579 elapsed 293
51 1801 / 3579 elapsed 310
51 1901 / 3579 elapsed 327
51 2001 / 3579 elapsed 344
51 2101 / 3579 elapsed 361
51 2201 / 3579 elapsed 377
51 2301 / 3579 elapsed 394
51 2401 / 3579 elapsed 411
51 2501 / 3579 elapsed 428
51 2601 / 3579 elapsed 445
51 2701 / 3579 elapsed 462
51 2801 / 3579 elapsed 478
51 2901 / 3579 elapsed 495
51 3001 / 3579 elapsed 512
51 3101 / 3579 elapsed 528
51 3201 / 3579 elapsed 544
51 3301 / 3579 elapsed 561
51 3401 / 3579 elapsed 577
51 3501 / 3579 elapsed 594
COMPLETE 51 {"status": "complete", "sequence": "51", "windows": 3579, "video_duration_s": 107.36999999999999, "boundary_events_excluded": 1, "script_detections": 387, "baseline_detections": 6744, "persistence_detections": 5504, "candidates": 18876, "observable_candidates": 432, "accepted_observable": 299, "budget_deferred": 3718, "elapsed_s": 608.640260219574, "preview_window": 1590, "baseline_ms": {"mean": 131.7608710968129, "p95": 137.12947975145653}, "persistence_ms": {"mean": 0.08913870553737681, "p95": 0.1483875443227589}, "script_ms": {"mean": 22.49549763579287, "p95": 24.599320255219936}}
65 1 / 3816 elapsed 0
65 101 / 3816 elapsed 21
65 201 / 3816 elapsed 37
65 301 / 3816 elapsed 54
65 401 / 3816 elapsed 71
65 501 / 3816 elapsed 87
65 601 / 3816 elapsed 103
65 701 / 3816 elapsed 119
65 801 / 3816 elapsed 134
65 901 / 3816 elapsed 150
65 1001 / 3816 elapsed 166
65 1101 / 3816 elapsed 183
65 1201 / 3816 elapsed 198
65 1301 / 3816 elapsed 215
65 1401 / 3816 elapsed 231
65 1501 / 3816 elapsed 248
65 1601 / 3816 elapsed 266
65 1701 / 3816 elapsed 282
65 1801 / 3816 elapsed 299
65 1901 / 3816 elapsed 315
65 2001 / 3816 elapsed 332
65 2101 / 3816 elapsed 348
65 2201 / 3816 elapsed 365
65 2301 / 3816 elapsed 382
65 2401 / 3816 elapsed 398
65 2501 / 3816 elapsed 416
65 2601 / 3816 elapsed 432
65 2701 / 3816 elapsed 447
65 2801 / 3816 elapsed 463
65 2901 / 3816 elapsed 478
65 3001 / 3816 elapsed 494
65 3101 / 3816 elapsed 510
65 3201 / 3816 elapsed 526
65 3301 / 3816 elapsed 542
65 3401 / 3816 elapsed 558
65 3501 / 3816 elapsed 575
65 3601 / 3816 elapsed 591
65 3701 / 3816 elapsed 607
65 3801 / 3816 elapsed 623
COMPLETE 65 {"status": "complete", "sequence": "65", "windows": 3816, "video_duration_s": 114.47999999999999, "boundary_events_excluded": 36, "script_detections": 1089, "baseline_detections": 5424, "persistence_detections": 4336, "candidates": 14758, "observable_candidates": 1097, "accepted_observable": 924, "budget_deferred": 1033, "elapsed_s": 625.9129936695099, "preview_window": 2525, "baseline_ms": {"mean": 127.25300992007047, "p95": 133.91110353404656}, "persistence_ms": {"mean": 0.0716505722722148, "p95": 0.1185624860227108}, "script_ms": {"mean": 21.61904449377695, "p95": 23.660312726860866}}
