{
  "tests": 29,
  "video_manifest": [
    {
      "file": "results/persistence_mvp/fred_v1/videos/Persistence_all.mp4",
      "frames": 22088,
      "duration_sec": 662.64,
      "dimensions": [
        1280,
        784
      ],
      "bytes": 88143646
    },
    {
      "file": "results/persistence_mvp/fred_v1/videos/Debug_all.mp4",
      "frames": 22088,
      "duration_sec": 662.64,
      "dimensions": [
        1280,
        928
      ],
      "bytes": 141202225
    },
    {
      "file": "results/persistence_mvp/fred_v1/videos/Comparison_all.mp4",
      "frames": 22088,
      "duration_sec": 662.64,
      "dimensions": [
        2560,
        784
      ],
      "bytes": 170640160
    }
  ]
}
